// Jest Snapshot v1, https://goo.gl/fbAQLP

exports[`TableHeader TableHeader renders as expected 1`] = `ShallowWrapper {}`;
