// Jest Snapshot v1, https://goo.gl/fbAQLP

exports[`Body tests Body renders as expected 1`] = `ShallowWrapper {}`;

exports[`Body tests matches snapshot 1`] = `ShallowWrapper {}`;
