// Jest Snapshot v1, https://goo.gl/fbAQLP

exports[`Header tests Header renders as expected 1`] = `ShallowWrapper {}`;

exports[`Header tests matches snapshot 1`] = `ShallowWrapper {}`;

exports[`matches snapshot 1`] = `ShallowWrapper {}`;
