// Jest Snapshot v1, https://goo.gl/fbAQLP

exports[`CentreDiv renders as expected 1`] = `ShallowWrapper {}`;
